// Jest Snapshot v1, https://goo.gl/fbAQLP

exports[`Calculator component should render correctly and match the saved snapshot 1`] = `
<div
  className="main-wrapper"
>
  <h3>
    Let us do some math!
  </h3>
  <div
    className="calContainer"
  >
    <div
      className="input"
    />
    <ul
      className="second"
    >
      <li>
        <button
          name="AC"
          onClick={[Function]}
          type="button"
        >
          AC
        </button>
      </li>
      <li>
        <button
          name="+/-"
          onClick={[Function]}
          type="button"
        >
          +/-
        </button>
      </li>
      <li>
        <button
          name="%"
          onClick={[Function]}
          type="button"
        >
          %
        </button>
      </li>
      <li>
        <button
          className="yellow"
          name="รท"
          onClick={[Function]}
          type="button"
        >
          รท
        </button>
      </li>
    </ul>
    <ul
      className="second"
    >
      <li>
        <button
          name="7"
          onClick={[Function]}
          type="button"
        >
          7
        </button>
      </li>
      <li>
        <button
          name="8"
          onClick={[Function]}
          type="button"
        >
          8
        </button>
      </li>
      <li>
        <button
          name="9"
          onClick={[Function]}
          type="button"
        >
          9
        </button>
      </li>
      <li>
        <button
          className="yellow"
          name="x"
          onClick={[Function]}
          type="button"
        >
          x
        </button>
      </li>
    </ul>
    <ul
      className="second"
    >
      <li>
        <button
          name="4"
          onClick={[Function]}
          type="button"
        >
          4
        </button>
      </li>
      <li>
        <button
          name="5"
          onClick={[Function]}
          type="button"
        >
          5
        </button>
      </li>
      <li>
        <button
          name="6"
          onClick={[Function]}
          type="button"
        >
          6
        </button>
      </li>
      <li>
        <button
          className="yellow"
          name="-"
          onClick={[Function]}
          type="button"
        >
          -
        </button>
      </li>
    </ul>
    <ul
      className="second"
    >
      <li>
        <button
          name="1"
          onClick={[Function]}
          type="button"
        >
          1
        </button>
      </li>
      <li>
        <button
          name="2"
          onClick={[Function]}
          type="button"
        >
          2
        </button>
      </li>
      <li>
        <button
          name="3"
          onClick={[Function]}
          type="button"
        >
          3
        </button>
      </li>
      <li>
        <button
          className="yellow"
          name="+"
          onClick={[Function]}
          type="button"
        >
          +
        </button>
      </li>
    </ul>
    <ul
      className="second"
    >
      <li
        className="zero"
      >
        <button
          name="0"
          onClick={[Function]}
          type="button"
        >
          0
        </button>
      </li>
      <li>
        <button
          name="."
          onClick={[Function]}
          type="button"
        >
          .
        </button>
      </li>
      <li>
        <button
          className="yellow"
          name="="
          onClick={[Function]}
          type="button"
        >
          =
        </button>
      </li>
    </ul>
  </div>
</div>
`;
