// Jest Snapshot v1, https://goo.gl/fbAQLP

exports[`Calculator component should render correctly and match the saved snapshot 1`] = `
<div>
  <h2>
    Welcome to our page!
  </h2>
  <p>
    Lorem ipsum dolor sit amet, consectetur adipiscing elit. Sed id sapien lorem. Nunc pharetra, lorem eget vestibulum bibendum, eros ex dignissim magna, ut efficitur ipsum nunc in dolor. Fusce dignissim nulla ut odio bibendum, vel sagittis eros pharetra. Suspendisse consectetur metus ut mauris elementum, vitae interdum nisl vestibulum. Vestibulum quis pretium enim. Nullam lobortis elit sit amet neque tristique, ut ullamcorper velit efficitur. Curabitur vitae
  </p>
  <p>
    Lorem ipsum dolor sit amet, consectetur adipiscing elit. Sed id sapien lorem. Nunc pharetra, lorem eget vestibulum bibendum, eros ex dignissim magna, ut efficitur ipsum nunc in dolor. Fusce dignissim nulla ut odio bibendum, vel sagittis eros pharetra. Suspendisse consectetur metus ut mauris elementum, vitae interdum nisl vestibulum. Vestibulum quis pretium enim. Nullam lobortis elit sit amet neque tristique, ut ullamcorper velit efficitur. Curabitur vitae
  </p>
</div>
`;

exports[`Home component should render correctly and match the saved snapshot 1`] = `
<div>
  <h2>
    Welcome to our page!
  </h2>
  <p>
    Lorem ipsum dolor sit amet, consectetur adipiscing elit. Sed id sapien lorem. Nunc pharetra, lorem eget vestibulum bibendum, eros ex dignissim magna, ut efficitur ipsum nunc in dolor. Fusce dignissim nulla ut odio bibendum, vel sagittis eros pharetra. Suspendisse consectetur metus ut mauris elementum, vitae interdum nisl vestibulum. Vestibulum quis pretium enim. Nullam lobortis elit sit amet neque tristique, ut ullamcorper velit efficitur. Curabitur vitae
  </p>
  <p>
    Lorem ipsum dolor sit amet, consectetur adipiscing elit. Sed id sapien lorem. Nunc pharetra, lorem eget vestibulum bibendum, eros ex dignissim magna, ut efficitur ipsum nunc in dolor. Fusce dignissim nulla ut odio bibendum, vel sagittis eros pharetra. Suspendisse consectetur metus ut mauris elementum, vitae interdum nisl vestibulum. Vestibulum quis pretium enim. Nullam lobortis elit sit amet neque tristique, ut ullamcorper velit efficitur. Curabitur vitae
  </p>
</div>
`;
