// Jest Snapshot v1, https://goo.gl/fbAQLP

exports[`Calculator component should render correctly and match the saved snapshot 1`] = `
<div>
  <p
    className="qoute"
  >
     
    Mathematics is not about number, equations, computations, or algorithms: it is about understanding. -William Paul Thurston
  </p>
</div>
`;
